
*test*message*nexttick_throw.js:*
*undefined_reference_error_maker;
*^
ReferenceError: *undefined_reference_error_maker*
*at *test*message*nexttick_throw.js:*:*
*at _combinedTickCallback (internal/process/next_tick.js:*:*)
*at *_tickCallback (internal/process/next_tick.js:*:*)
*at Module.runMain (module.js:*:*)
*at startup (bootstrap_node.js:*:*)
*at *bootstrap_node.js:*:*
